src/pages/Dashboard.tsx(51,31): error TS2345: Argument of type 'AnalysisResult' is not assignable to parameter of type 'SetStateAction<AnalysisResult | null>'.
  Type 'AnalysisResult' is missing the following properties from type 'AnalysisResult': nodes, links
