src/App.tsx(1,1): error TS6133: 'useState' is declared but its value is never read.
src/services/api.ts(3,34): error TS2339: Property 'env' does not exist on type 'ImportMeta'.
